Info: constrained 'CLK' to bel 'X19/Y0/io1'
Info: constrained 'RESET' to bel 'X19/Y31/io0'
Info: constrained 'TXD' to bel 'X9/Y0/io0'
Info: constrained 'RXD' to bel 'X9/Y0/io1'
Info: constrained 'tck' to bel 'X15/Y0/io0'
Info: constrained 'tms' to bel 'X16/Y0/io0'
Info: constrained 'tdi' to bel 'X17/Y0/io0'
Info: constrained 'tdo' to bel 'X21/Y0/io1'
Info: constrained 'trst' to bel 'X18/Y0/io1'
Info: constrained 'LED1' to bel 'X18/Y31/io0'
Info: constrained 'LED2' to bel 'X18/Y31/io1'
Info: constrained 'LED3' to bel 'X17/Y31/io0'
Info: constrained 'LED4' to bel 'X16/Y31/io1'
Info: constrained 'LED5' to bel 'X16/Y31/io0'
Info: constrained 'LED6' to bel 'X13/Y31/io1'
Info: constrained 'LED7' to bel 'X12/Y31/io1'

Info: Packing constants..
Info: Packing IOs..
Info: Packing LUT-FFs..
Info:     1468 LCs used as LUT4 only
Info:      324 LCs used as LUT4 and DFF
Info: Packing non-LUT FFs..
Info:      507 LCs used as DFF only
Info: Packing carries..
Info:        8 LCs used as CARRY only
Info: Packing RAMs..
Info: Placing PLLs..
Info: Packing special functions..
Info: Packing PLLs..
Info: Promoting globals..
Info: promoting CLK$SB_IO_IN (fanout 653)
Info: promoting adapter.reset [reset] (fanout 427)
Info: promoting tck$SB_IO_IN (fanout 214)
Info: promoting $abc$24398$techmap$techmap23279$auto$simplemap.cc:496:simplemap_adff$2231.$logic_not$/usr/bin/../share/yosys/ice40/cells_map.v:22$23277_Y [reset] (fanout 173)
Info: promoting debug_reset_req [reset] (fanout 36)
Info: promoting $abc$24398$techmap$techmap23302$auto$simplemap.cc:496:simplemap_adff$1876.$logic_not$/usr/bin/../share/yosys/ice40/cells_map.v:12$23273_Y [reset] (fanout 16)
Info: promoting $abc$24398$auto$dff2dffe.cc:158:make_patterns_logic$10835 [cen] (fanout 42)
Info: promoting $abc$24398$auto$dff2dffe.cc:158:make_patterns_logic$15231 [cen] (fanout 42)
Info: Constraining chains...
Info:        3 LCs used to legalise carry chains.
Info: Checksum: 0xceec9de5

Info: Annotating ports with timing budgets for target frequency 12.00 MHz
Info: Checksum: 0x90ec6e72

Info: Device utilisation:
Info: 	         ICESTORM_LC:  2312/ 5280    43%
Info: 	        ICESTORM_RAM:    18/   30    60%
Info: 	               SB_IO:    16/   96    16%
Info: 	               SB_GB:     8/    8   100%
Info: 	        ICESTORM_PLL:     0/    1     0%
Info: 	         SB_WARMBOOT:     0/    1     0%
Info: 	        ICESTORM_DSP:     0/    8     0%
Info: 	      ICESTORM_HFOSC:     0/    1     0%
Info: 	      ICESTORM_LFOSC:     0/    1     0%
Info: 	              SB_I2C:     0/    2     0%
Info: 	              SB_SPI:     0/    2     0%
Info: 	              IO_I3C:     0/    2     0%
Info: 	         SB_LEDDA_IP:     0/    1     0%
Info: 	         SB_RGBA_DRV:     0/    1     0%
Info: 	      ICESTORM_SPRAM:     0/    4     0%

Info: Placed 16 cells based on constraints.
Info: Creating initial analytic placement for 2123 cells, random placement wirelen = 60187.
Info:     at initial placer iter 0, wirelen = 525
Info:     at initial placer iter 1, wirelen = 539
Info:     at initial placer iter 2, wirelen = 587
Info:     at initial placer iter 3, wirelen = 551
Info: Running main analytical placer.
Info:     at iteration #1, type ALL: wirelen solved = 588, spread = 15728, legal = 22030; time = 0.75s
Info:     at iteration #2, type ALL: wirelen solved = 796, spread = 14636, legal = 18343; time = 0.09s
Info:     at iteration #3, type ALL: wirelen solved = 1527, spread = 13689, legal = 20502; time = 0.12s
Info:     at iteration #4, type ALL: wirelen solved = 1838, spread = 14028, legal = 18417; time = 0.09s
Info:     at iteration #5, type ALL: wirelen solved = 2320, spread = 15747, legal = 18810; time = 0.07s
Info:     at iteration #6, type ALL: wirelen solved = 2641, spread = 16753, legal = 19785; time = 0.08s
Info:     at iteration #7, type ALL: wirelen solved = 3148, spread = 15430, legal = 19285; time = 0.08s
Info: HeAP Placer Time: 1.60s
Info:   of which solving equations: 0.56s
Info:   of which spreading cells: 0.05s
Info:   of which strict legalisation: 0.87s

Info: Running simulated annealing placer for refinement.
Info:   at iteration #1: temp = 0.000000, timing cost = 1148, wirelen = 18343
Info:   at iteration #5: temp = 0.000000, timing cost = 1026, wirelen = 13764
Info:   at iteration #10: temp = 0.000000, timing cost = 1080, wirelen = 12992
Info:   at iteration #15: temp = 0.000000, timing cost = 1083, wirelen = 12684
Info:   at iteration #20: temp = 0.000000, timing cost = 1033, wirelen = 12361
Info:   at iteration #25: temp = 0.000000, timing cost = 1033, wirelen = 12241
Info:   at iteration #30: temp = 0.000000, timing cost = 1022, wirelen = 12195
Info:   at iteration #33: temp = 0.000000, timing cost = 1016, wirelen = 12184 
Info: SA placement time 4.64s

Info: Max frequency for clock 'CLK$SB_IO_IN_$glb_clk': 18.21 MHz (PASS at 12.00 MHz)
Info: Max frequency for clock 'tck$SB_IO_IN_$glb_clk': 47.88 MHz (PASS at 12.00 MHz)

Info: Max delay <async>                       -> posedge CLK$SB_IO_IN_$glb_clk: 9.67 ns
Info: Max delay <async>                       -> posedge tck$SB_IO_IN_$glb_clk: 16.14 ns
Info: Max delay posedge CLK$SB_IO_IN_$glb_clk -> <async>                      : 15.99 ns
Info: Max delay posedge CLK$SB_IO_IN_$glb_clk -> posedge tck$SB_IO_IN_$glb_clk: 5.93 ns
Info: Max delay posedge tck$SB_IO_IN_$glb_clk -> <async>                      : 7.43 ns
Info: Max delay posedge tck$SB_IO_IN_$glb_clk -> posedge CLK$SB_IO_IN_$glb_clk: 6.45 ns

Info: Slack histogram:
Info:  legend: * represents 16 endpoint(s)
Info:          + represents [1,16) endpoint(s)
Info: [ 28433,  30980) |*+
Info: [ 30980,  33527) |+
Info: [ 33527,  36074) |***+
Info: [ 36074,  38621) |*+
Info: [ 38621,  41168) |*+
Info: [ 41168,  43715) |*+
Info: [ 43715,  46262) | 
Info: [ 46262,  48809) |+
Info: [ 48809,  51356) |*****+
Info: [ 51356,  53903) |************+
Info: [ 53903,  56450) |**+
Info: [ 56450,  58997) |*********+
Info: [ 58997,  61544) |**********************+
Info: [ 61544,  64091) |**************************+
Info: [ 64091,  66638) |**********+
Info: [ 66638,  69185) |*******************+
Info: [ 69185,  71732) |****************+
Info: [ 71732,  74279) |********+
Info: [ 74279,  76826) |**************+
Info: [ 76826,  79373) |************************************************************ 
Info: Checksum: 0x50ad9aef

Info: Routing..
Info: Setting up routing queue.
Info: Routing 8017 arcs.
Info:            |   (re-)routed arcs  |   delta    | remaining|       time spent     |
Info:    IterCnt |  w/ripup   wo/ripup |  w/r  wo/r |      arcs| batch(sec) total(sec)|
Info:       1000 |       31        782 |   31   782 |      7055|       0.14       0.14|
Info:       2000 |      122       1691 |   91   909 |      6166|       0.10       0.24|
Info:       3000 |      274       2539 |  152   848 |      5378|       0.22       0.46|
Info:       4000 |      565       3248 |  291   709 |      4882|       0.35       0.81|
Info:       5000 |      838       3975 |  273   727 |      4341|       0.25       1.06|
Info:       6000 |     1050       4763 |  212   788 |      3684|       0.26       1.32|
Info:       7000 |     1398       5415 |  348   652 |      3264|       0.41       1.74|
Info:       8000 |     1837       5976 |  439   561 |      3050|       0.37       2.11|
Info:       9000 |     2308       6505 |  471   529 |      2864|       0.46       2.57|
Info:      10000 |     2904       6909 |  596   404 |      2772|       0.54       3.11|
Info:      11000 |     3440       7373 |  536   464 |      2628|       0.47       3.57|
Info:      12000 |     4014       7799 |  574   426 |      2567|       0.45       4.02|
Info:      13000 |     4525       8288 |  511   489 |      2446|       0.49       4.52|
Info:      14000 |     5024       8789 |  499   501 |      2356|       0.45       4.97|
Info:      15000 |     5441       9372 |  417   583 |      2063|       0.49       5.46|
Info:      16000 |     5905       9908 |  464   536 |      1847|       0.43       5.89|
Info:      17000 |     6432      10381 |  527   473 |      1802|       0.46       6.35|
Info:      18000 |     6971      10842 |  539   461 |      1715|       0.68       7.03|
Info:      19000 |     7514      11299 |  543   457 |      1652|       0.46       7.49|
Info:      20000 |     8018      11795 |  504   496 |      1381|       0.40       7.89|
Info:      21000 |     8471      12342 |  453   547 |      1094|       0.46       8.35|
Info:      22000 |     8967      12846 |  496   504 |       960|       0.54       8.89|
Info:      23000 |     9534      13279 |  567   433 |       951|       0.56       9.45|
Info:      24000 |    10118      13695 |  584   416 |       905|       0.60      10.06|
Info:      25000 |    10614      14199 |  496   504 |       813|       0.43      10.49|
Info:      26000 |    10900      14913 |  286   714 |       257|       0.28      10.78|
Info:      26878 |    11301      15391 |  401   478 |         0|       0.64      11.42|
Info: Routing complete.
Info: Router1 time 11.42s
Info: Checksum: 0xb382564f

Info: Critical path report for clock 'CLK$SB_IO_IN_$glb_clk' (posedge -> posedge):
Info: curr total
Info:  1.4  1.4  Source $auto$simplemap.cc:420:simplemap_dff$4622_DFFLC.O
Info:  1.8  3.2    Net CPU.instr[3] budget 0.000000 ns (17,16) -> (18,15)
Info:                Sink $abc$24398$auto$blifparse.cc:492:parse_blif$24440_LC.I0
Info:                Defined in:
Info:                  rtl/riscv.v:703
Info:                  rtl/riscv.v:97
Info:  1.3  4.4  Source $abc$24398$auto$blifparse.cc:492:parse_blif$24440_LC.O
Info:  1.8  6.2    Net $abc$24398$auto$simplemap.cc:127:simplemap_reduce$6494[0]_new_inv_ budget 1.297000 ns (18,15) -> (18,14)
Info:                Sink $abc$24398$auto$blifparse.cc:492:parse_blif$25180_LC.I1
Info:  1.2  7.4  Source $abc$24398$auto$blifparse.cc:492:parse_blif$25180_LC.O
Info:  1.8  9.2    Net $abc$24398$new_n2270_ budget 1.297000 ns (18,14) -> (18,13)
Info:                Sink $abc$24398$auto$blifparse.cc:492:parse_blif$25580_LC.I1
Info:  1.2 10.4  Source $abc$24398$auto$blifparse.cc:492:parse_blif$25580_LC.O
Info:  3.5 13.9    Net $abc$24398$auto$simplemap.cc:256:simplemap_eqne$6488_new_inv_ budget 1.297000 ns (18,13) -> (16,11)
Info:                Sink $abc$24398$auto$blifparse.cc:492:parse_blif$25581_LC.I2
Info:  1.2 15.1  Source $abc$24398$auto$blifparse.cc:492:parse_blif$25581_LC.O
Info:  1.8 16.9    Net $abc$24398$auto$alumacc.cc:474:replace_alu$1387.BB[1] budget 1.297000 ns (16,11) -> (15,12)
Info:                Sink $auto$alumacc.cc:474:replace_alu$1387.slice[1].adder_LC.I2
Info:                Defined in:
Info:                  rtl/riscv.v:703
Info:                  rtl/riscv.v:240
Info:                  /usr/bin/../share/yosys/ice40/arith_map.v:42
Info:  0.6 17.5  Source $auto$alumacc.cc:474:replace_alu$1387.slice[1].adder_LC.COUT
Info:  0.0 17.5    Net $auto$alumacc.cc:474:replace_alu$1387.C[2] budget 0.000000 ns (15,12) -> (15,12)
Info:                Sink $auto$alumacc.cc:474:replace_alu$1387.slice[2].adder_LC.CIN
Info:                Defined in:
Info:                  rtl/riscv.v:703
Info:                  rtl/riscv.v:240
Info:                  /usr/bin/../share/yosys/ice40/arith_map.v:43
Info:  0.3 17.8  Source $auto$alumacc.cc:474:replace_alu$1387.slice[2].adder_LC.COUT
Info:  0.0 17.8    Net $auto$alumacc.cc:474:replace_alu$1387.C[3] budget 0.000000 ns (15,12) -> (15,12)
Info:                Sink $auto$alumacc.cc:474:replace_alu$1387.slice[3].adder_LC.CIN
Info:                Defined in:
Info:                  rtl/riscv.v:703
Info:                  rtl/riscv.v:240
Info:                  /usr/bin/../share/yosys/ice40/arith_map.v:43
Info:  0.3 18.0  Source $auto$alumacc.cc:474:replace_alu$1387.slice[3].adder_LC.COUT
Info:  0.0 18.0    Net $auto$alumacc.cc:474:replace_alu$1387.C[4] budget 0.000000 ns (15,12) -> (15,12)
Info:                Sink $auto$alumacc.cc:474:replace_alu$1387.slice[4].adder_LC.CIN
Info:                Defined in:
Info:                  rtl/riscv.v:703
Info:                  rtl/riscv.v:240
Info:                  /usr/bin/../share/yosys/ice40/arith_map.v:43
Info:  0.3 18.3  Source $auto$alumacc.cc:474:replace_alu$1387.slice[4].adder_LC.COUT
Info:  0.0 18.3    Net $auto$alumacc.cc:474:replace_alu$1387.C[5] budget 0.000000 ns (15,12) -> (15,12)
Info:                Sink $auto$alumacc.cc:474:replace_alu$1387.slice[5].adder_LC.CIN
Info:                Defined in:
Info:                  rtl/riscv.v:703
Info:                  rtl/riscv.v:240
Info:                  /usr/bin/../share/yosys/ice40/arith_map.v:43
Info:  0.3 18.6  Source $auto$alumacc.cc:474:replace_alu$1387.slice[5].adder_LC.COUT
Info:  0.0 18.6    Net $auto$alumacc.cc:474:replace_alu$1387.C[6] budget 0.000000 ns (15,12) -> (15,12)
Info:                Sink $auto$alumacc.cc:474:replace_alu$1387.slice[6].adder_LC.CIN
Info:                Defined in:
Info:                  rtl/riscv.v:703
Info:                  rtl/riscv.v:240
Info:                  /usr/bin/../share/yosys/ice40/arith_map.v:43
Info:  0.3 18.9  Source $auto$alumacc.cc:474:replace_alu$1387.slice[6].adder_LC.COUT
Info:  0.0 18.9    Net $auto$alumacc.cc:474:replace_alu$1387.C[7] budget 0.000000 ns (15,12) -> (15,12)
Info:                Sink $auto$alumacc.cc:474:replace_alu$1387.slice[7].adder_LC.CIN
Info:                Defined in:
Info:                  rtl/riscv.v:703
Info:                  rtl/riscv.v:240
Info:                  /usr/bin/../share/yosys/ice40/arith_map.v:43
Info:  0.3 19.2  Source $auto$alumacc.cc:474:replace_alu$1387.slice[7].adder_LC.COUT
Info:  0.6 19.7    Net $auto$alumacc.cc:474:replace_alu$1387.C[8] budget 0.560000 ns (15,12) -> (15,13)
Info:                Sink $auto$alumacc.cc:474:replace_alu$1387.slice[8].adder_LC.CIN
Info:                Defined in:
Info:                  rtl/riscv.v:703
Info:                  rtl/riscv.v:240
Info:                  /usr/bin/../share/yosys/ice40/arith_map.v:43
Info:  0.3 20.0  Source $auto$alumacc.cc:474:replace_alu$1387.slice[8].adder_LC.COUT
Info:  0.0 20.0    Net $auto$alumacc.cc:474:replace_alu$1387.C[9] budget 0.000000 ns (15,13) -> (15,13)
Info:                Sink $auto$alumacc.cc:474:replace_alu$1387.slice[9].adder_LC.CIN
Info:                Defined in:
Info:                  rtl/riscv.v:703
Info:                  rtl/riscv.v:240
Info:                  /usr/bin/../share/yosys/ice40/arith_map.v:43
Info:  0.3 20.3  Source $auto$alumacc.cc:474:replace_alu$1387.slice[9].adder_LC.COUT
Info:  0.0 20.3    Net $auto$alumacc.cc:474:replace_alu$1387.C[10] budget 0.000000 ns (15,13) -> (15,13)
Info:                Sink $auto$alumacc.cc:474:replace_alu$1387.slice[10].adder_LC.CIN
Info:                Defined in:
Info:                  rtl/riscv.v:703
Info:                  rtl/riscv.v:240
Info:                  /usr/bin/../share/yosys/ice40/arith_map.v:43
Info:  0.3 20.5  Source $auto$alumacc.cc:474:replace_alu$1387.slice[10].adder_LC.COUT
Info:  0.0 20.5    Net $auto$alumacc.cc:474:replace_alu$1387.C[11] budget 0.000000 ns (15,13) -> (15,13)
Info:                Sink $auto$alumacc.cc:474:replace_alu$1387.slice[11].adder_LC.CIN
Info:                Defined in:
Info:                  rtl/riscv.v:703
Info:                  rtl/riscv.v:240
Info:                  /usr/bin/../share/yosys/ice40/arith_map.v:43
Info:  0.3 20.8  Source $auto$alumacc.cc:474:replace_alu$1387.slice[11].adder_LC.COUT
Info:  0.0 20.8    Net $auto$alumacc.cc:474:replace_alu$1387.C[12] budget 0.000000 ns (15,13) -> (15,13)
Info:                Sink $auto$alumacc.cc:474:replace_alu$1387.slice[12].adder_LC.CIN
Info:                Defined in:
Info:                  rtl/riscv.v:703
Info:                  rtl/riscv.v:240
Info:                  /usr/bin/../share/yosys/ice40/arith_map.v:43
Info:  0.3 21.1  Source $auto$alumacc.cc:474:replace_alu$1387.slice[12].adder_LC.COUT
Info:  0.0 21.1    Net $auto$alumacc.cc:474:replace_alu$1387.C[13] budget 0.000000 ns (15,13) -> (15,13)
Info:                Sink $auto$alumacc.cc:474:replace_alu$1387.slice[13].adder_LC.CIN
Info:                Defined in:
Info:                  rtl/riscv.v:703
Info:                  rtl/riscv.v:240
Info:                  /usr/bin/../share/yosys/ice40/arith_map.v:43
Info:  0.3 21.4  Source $auto$alumacc.cc:474:replace_alu$1387.slice[13].adder_LC.COUT
Info:  0.0 21.4    Net $auto$alumacc.cc:474:replace_alu$1387.C[14] budget 0.000000 ns (15,13) -> (15,13)
Info:                Sink $auto$alumacc.cc:474:replace_alu$1387.slice[14].adder_LC.CIN
Info:                Defined in:
Info:                  rtl/riscv.v:703
Info:                  rtl/riscv.v:240
Info:                  /usr/bin/../share/yosys/ice40/arith_map.v:43
Info:  0.3 21.7  Source $auto$alumacc.cc:474:replace_alu$1387.slice[14].adder_LC.COUT
Info:  0.0 21.7    Net $auto$alumacc.cc:474:replace_alu$1387.C[15] budget 0.000000 ns (15,13) -> (15,13)
Info:                Sink $auto$alumacc.cc:474:replace_alu$1387.slice[15].adder_LC.CIN
Info:                Defined in:
Info:                  rtl/riscv.v:703
Info:                  rtl/riscv.v:240
Info:                  /usr/bin/../share/yosys/ice40/arith_map.v:43
Info:  0.3 21.9  Source $auto$alumacc.cc:474:replace_alu$1387.slice[15].adder_LC.COUT
Info:  0.6 22.5    Net $auto$alumacc.cc:474:replace_alu$1387.C[16] budget 0.560000 ns (15,13) -> (15,14)
Info:                Sink $auto$alumacc.cc:474:replace_alu$1387.slice[16].adder_LC.CIN
Info:                Defined in:
Info:                  rtl/riscv.v:703
Info:                  rtl/riscv.v:240
Info:                  /usr/bin/../share/yosys/ice40/arith_map.v:43
Info:  0.3 22.8  Source $auto$alumacc.cc:474:replace_alu$1387.slice[16].adder_LC.COUT
Info:  0.0 22.8    Net $auto$alumacc.cc:474:replace_alu$1387.C[17] budget 0.000000 ns (15,14) -> (15,14)
Info:                Sink $auto$alumacc.cc:474:replace_alu$1387.slice[17].adder_LC.CIN
Info:                Defined in:
Info:                  rtl/riscv.v:703
Info:                  rtl/riscv.v:240
Info:                  /usr/bin/../share/yosys/ice40/arith_map.v:43
Info:  0.3 23.0  Source $auto$alumacc.cc:474:replace_alu$1387.slice[17].adder_LC.COUT
Info:  0.0 23.0    Net $auto$alumacc.cc:474:replace_alu$1387.C[18] budget 0.000000 ns (15,14) -> (15,14)
Info:                Sink $auto$alumacc.cc:474:replace_alu$1387.slice[18].adder_LC.CIN
Info:                Defined in:
Info:                  rtl/riscv.v:703
Info:                  rtl/riscv.v:240
Info:                  /usr/bin/../share/yosys/ice40/arith_map.v:43
Info:  0.3 23.3  Source $auto$alumacc.cc:474:replace_alu$1387.slice[18].adder_LC.COUT
Info:  0.0 23.3    Net $auto$alumacc.cc:474:replace_alu$1387.C[19] budget 0.000000 ns (15,14) -> (15,14)
Info:                Sink $auto$alumacc.cc:474:replace_alu$1387.slice[19].adder_LC.CIN
Info:                Defined in:
Info:                  rtl/riscv.v:703
Info:                  rtl/riscv.v:240
Info:                  /usr/bin/../share/yosys/ice40/arith_map.v:43
Info:  0.3 23.6  Source $auto$alumacc.cc:474:replace_alu$1387.slice[19].adder_LC.COUT
Info:  0.0 23.6    Net $auto$alumacc.cc:474:replace_alu$1387.C[20] budget 0.000000 ns (15,14) -> (15,14)
Info:                Sink $auto$alumacc.cc:474:replace_alu$1387.slice[20].adder_LC.CIN
Info:                Defined in:
Info:                  rtl/riscv.v:703
Info:                  rtl/riscv.v:240
Info:                  /usr/bin/../share/yosys/ice40/arith_map.v:43
Info:  0.3 23.9  Source $auto$alumacc.cc:474:replace_alu$1387.slice[20].adder_LC.COUT
Info:  0.0 23.9    Net $auto$alumacc.cc:474:replace_alu$1387.C[21] budget 0.000000 ns (15,14) -> (15,14)
Info:                Sink $auto$alumacc.cc:474:replace_alu$1387.slice[21].adder_LC.CIN
Info:                Defined in:
Info:                  rtl/riscv.v:703
Info:                  rtl/riscv.v:240
Info:                  /usr/bin/../share/yosys/ice40/arith_map.v:43
Info:  0.3 24.2  Source $auto$alumacc.cc:474:replace_alu$1387.slice[21].adder_LC.COUT
Info:  0.0 24.2    Net $auto$alumacc.cc:474:replace_alu$1387.C[22] budget 0.000000 ns (15,14) -> (15,14)
Info:                Sink $auto$alumacc.cc:474:replace_alu$1387.slice[22].adder_LC.CIN
Info:                Defined in:
Info:                  rtl/riscv.v:703
Info:                  rtl/riscv.v:240
Info:                  /usr/bin/../share/yosys/ice40/arith_map.v:43
Info:  0.3 24.4  Source $auto$alumacc.cc:474:replace_alu$1387.slice[22].adder_LC.COUT
Info:  0.0 24.4    Net $auto$alumacc.cc:474:replace_alu$1387.C[23] budget 0.000000 ns (15,14) -> (15,14)
Info:                Sink $auto$alumacc.cc:474:replace_alu$1387.slice[23].adder_LC.CIN
Info:                Defined in:
Info:                  rtl/riscv.v:703
Info:                  rtl/riscv.v:240
Info:                  /usr/bin/../share/yosys/ice40/arith_map.v:43
Info:  0.3 24.7  Source $auto$alumacc.cc:474:replace_alu$1387.slice[23].adder_LC.COUT
Info:  0.6 25.3    Net $auto$alumacc.cc:474:replace_alu$1387.C[24] budget 0.560000 ns (15,14) -> (15,15)
Info:                Sink $auto$alumacc.cc:474:replace_alu$1387.slice[24].adder_LC.CIN
Info:                Defined in:
Info:                  rtl/riscv.v:703
Info:                  rtl/riscv.v:240
Info:                  /usr/bin/../share/yosys/ice40/arith_map.v:43
Info:  0.3 25.6  Source $auto$alumacc.cc:474:replace_alu$1387.slice[24].adder_LC.COUT
Info:  0.0 25.6    Net $auto$alumacc.cc:474:replace_alu$1387.C[25] budget 0.000000 ns (15,15) -> (15,15)
Info:                Sink $auto$alumacc.cc:474:replace_alu$1387.slice[25].adder_LC.CIN
Info:                Defined in:
Info:                  rtl/riscv.v:703
Info:                  rtl/riscv.v:240
Info:                  /usr/bin/../share/yosys/ice40/arith_map.v:43
Info:  0.3 25.8  Source $auto$alumacc.cc:474:replace_alu$1387.slice[25].adder_LC.COUT
Info:  0.0 25.8    Net $auto$alumacc.cc:474:replace_alu$1387.C[26] budget 0.000000 ns (15,15) -> (15,15)
Info:                Sink $auto$alumacc.cc:474:replace_alu$1387.slice[26].adder_LC.CIN
Info:                Defined in:
Info:                  rtl/riscv.v:703
Info:                  rtl/riscv.v:240
Info:                  /usr/bin/../share/yosys/ice40/arith_map.v:43
Info:  0.3 26.1  Source $auto$alumacc.cc:474:replace_alu$1387.slice[26].adder_LC.COUT
Info:  0.0 26.1    Net $auto$alumacc.cc:474:replace_alu$1387.C[27] budget 0.000000 ns (15,15) -> (15,15)
Info:                Sink $auto$alumacc.cc:474:replace_alu$1387.slice[27].adder_LC.CIN
Info:                Defined in:
Info:                  rtl/riscv.v:703
Info:                  rtl/riscv.v:240
Info:                  /usr/bin/../share/yosys/ice40/arith_map.v:43
Info:  0.3 26.4  Source $auto$alumacc.cc:474:replace_alu$1387.slice[27].adder_LC.COUT
Info:  0.0 26.4    Net $auto$alumacc.cc:474:replace_alu$1387.C[28] budget 0.000000 ns (15,15) -> (15,15)
Info:                Sink $auto$alumacc.cc:474:replace_alu$1387.slice[28].adder_LC.CIN
Info:                Defined in:
Info:                  rtl/riscv.v:703
Info:                  rtl/riscv.v:240
Info:                  /usr/bin/../share/yosys/ice40/arith_map.v:43
Info:  0.3 26.7  Source $auto$alumacc.cc:474:replace_alu$1387.slice[28].adder_LC.COUT
Info:  0.0 26.7    Net $auto$alumacc.cc:474:replace_alu$1387.C[29] budget 0.000000 ns (15,15) -> (15,15)
Info:                Sink $auto$alumacc.cc:474:replace_alu$1387.slice[29].adder_LC.CIN
Info:                Defined in:
Info:                  rtl/riscv.v:703
Info:                  rtl/riscv.v:240
Info:                  /usr/bin/../share/yosys/ice40/arith_map.v:43
Info:  0.3 26.9  Source $auto$alumacc.cc:474:replace_alu$1387.slice[29].adder_LC.COUT
Info:  0.0 26.9    Net $auto$alumacc.cc:474:replace_alu$1387.C[30] budget 0.000000 ns (15,15) -> (15,15)
Info:                Sink $auto$alumacc.cc:474:replace_alu$1387.slice[30].adder_LC.CIN
Info:                Defined in:
Info:                  rtl/riscv.v:703
Info:                  rtl/riscv.v:240
Info:                  /usr/bin/../share/yosys/ice40/arith_map.v:43
Info:  0.3 27.2  Source $auto$alumacc.cc:474:replace_alu$1387.slice[30].adder_LC.COUT
Info:  0.7 27.9    Net $auto$alumacc.cc:474:replace_alu$1387.C[31] budget 0.660000 ns (15,15) -> (15,15)
Info:                Sink $auto$alumacc.cc:474:replace_alu$1387.slice[31].adder_LC.I3
Info:                Defined in:
Info:                  rtl/riscv.v:703
Info:                  rtl/riscv.v:240
Info:                  /usr/bin/../share/yosys/ice40/arith_map.v:43
Info:  0.9 28.8  Source $auto$alumacc.cc:474:replace_alu$1387.slice[31].adder_LC.O
Info:  1.8 30.5    Net CPU.loadstore_addr[31] budget 6.486000 ns (15,15) -> (14,15)
Info:                Sink $abc$24398$auto$blifparse.cc:492:parse_blif$24836_LC.I2
Info:                Defined in:
Info:                  rtl/riscv.v:703
Info:                  rtl/riscv.v:240
Info:  1.2 31.7  Source $abc$24398$auto$blifparse.cc:492:parse_blif$24836_LC.O
Info:  1.8 33.5    Net $abc$24398$new_n1915_ budget 6.486000 ns (14,15) -> (14,15)
Info:                Sink $abc$24398$auto$blifparse.cc:492:parse_blif$24835_LC.I0
Info:  1.3 34.8  Source $abc$24398$auto$blifparse.cc:492:parse_blif$24835_LC.O
Info:  3.0 37.8    Net $abc$24398$new_n1914_ budget 6.486000 ns (14,15) -> (14,20)
Info:                Sink $abc$24398$auto$blifparse.cc:492:parse_blif$24834_LC.I0
Info:  1.3 39.0  Source $abc$24398$auto$blifparse.cc:492:parse_blif$24834_LC.O
Info:  1.8 40.8    Net $abc$24398$new_n1913_ budget 6.486000 ns (14,20) -> (13,21)
Info:                Sink $abc$24398$auto$blifparse.cc:492:parse_blif$24828_LC.I2
Info:  1.2 42.0  Source $abc$24398$auto$blifparse.cc:492:parse_blif$24828_LC.O
Info:  1.8 43.8    Net $abc$24398$is_ram_new_ budget 6.486000 ns (13,21) -> (12,21)
Info:                Sink $abc$24398$auto$blifparse.cc:492:parse_blif$24827_LC.I2
Info:                Defined in:
Info:                  rtl/riscv.v:732
Info:  1.2 45.0  Source $abc$24398$auto$blifparse.cc:492:parse_blif$24827_LC.O
Info:  1.8 46.7    Net $abc$24398$and$rtl/riscv.v:747$346_Y_new_ budget 6.485000 ns (12,21) -> (12,21)
Info:                Sink $abc$24398$auto$blifparse.cc:492:parse_blif$24826_LC.I1
Info:                Defined in:
Info:                  rtl/riscv.v:747
Info:  1.2 48.0  Source $abc$24398$auto$blifparse.cc:492:parse_blif$24826_LC.O
Info:  3.5 51.5    Net ram_rstrb budget 6.485000 ns (12,21) -> (7,22)
Info:                Sink $abc$24398$auto$blifparse.cc:492:parse_blif$25578_LC.I0
Info:                Defined in:
Info:                  rtl/riscv.v:742
Info:  1.3 52.7  Source $abc$24398$auto$blifparse.cc:492:parse_blif$25578_LC.O
Info:  4.1 56.8    Net $abc$24398$auto$rtlil.cc:1906:Mux$1451 budget 6.485000 ns (7,22) -> (19,23)
Info:                Sink RAM.MEM.3.2.0_RAM.RCLKE
Info:  0.1 56.9  Setup RAM.MEM.3.2.0_RAM.RCLKE
Info: 24.7 ns logic, 32.2 ns routing

Info: Critical path report for clock 'tck$SB_IO_IN_$glb_clk' (posedge -> posedge):
Info: curr total
Info:  1.4  1.4  Source $abc$24398$auto$blifparse.cc:492:parse_blif$25623_LC.O
Info:  1.8  3.2    Net dtm.state[1] budget 12.426000 ns (2,10) -> (3,11)
Info:                Sink $abc$24398$auto$blifparse.cc:492:parse_blif$24494_LC.I0
Info:                Defined in:
Info:                  rtl/riscv.v:783
Info:                  rtl/riscv_jtag_dtm.v:57
Info:  1.3  4.4  Source $abc$24398$auto$blifparse.cc:492:parse_blif$24494_LC.O
Info:  3.0  7.4    Net $abc$24398$auto$simplemap.cc:309:simplemap_lut$4464_new_ budget 12.426000 ns (3,11) -> (3,18)
Info:                Sink $abc$24398$auto$blifparse.cc:492:parse_blif$24520_LC.I1
Info:  1.2  8.7  Source $abc$24398$auto$blifparse.cc:492:parse_blif$24520_LC.O
Info:  1.8 10.4    Net $abc$24398$new_n1599_ budget 12.426000 ns (3,18) -> (3,19)
Info:                Sink $abc$24398$auto$blifparse.cc:492:parse_blif$24525_LC.I0
Info:  1.3 11.7  Source $abc$24398$auto$blifparse.cc:492:parse_blif$24525_LC.O
Info:  1.8 13.5    Net $abc$24398$new_n1604_ budget 12.425000 ns (3,19) -> (4,18)
Info:                Sink $abc$24398$auto$blifparse.cc:492:parse_blif$24536_LC.I1
Info:  1.2 14.7  Source $abc$24398$auto$blifparse.cc:492:parse_blif$24536_LC.O
Info:  1.8 16.5    Net $abc$24398$new_n1615_ budget 12.425000 ns (4,18) -> (4,19)
Info:                Sink $abc$24398$auto$blifparse.cc:492:parse_blif$24535_LC.I2
Info:  1.2 17.7  Source $abc$24398$auto$blifparse.cc:492:parse_blif$24535_LC.O
Info:  1.8 19.4    Net $abc$24398$new_n1614_ budget 12.425000 ns (4,19) -> (4,20)
Info:                Sink $abc$24398$auto$blifparse.cc:492:parse_blif$24534_LC.I2
Info:  1.2 20.6  Setup $abc$24398$auto$blifparse.cc:492:parse_blif$24534_LC.I2
Info: 8.8 ns logic, 11.8 ns routing

Info: Critical path report for cross-domain path '<async>' -> 'posedge CLK$SB_IO_IN_$glb_clk':
Info: curr total
Info:  0.0  0.0  Source RESET$sb_io.D_IN_0
Info:  1.8  1.8    Net RESET$SB_IO_IN budget 26.787001 ns (19,31) -> (20,30)
Info:                Sink $abc$24398$auto$blifparse.cc:492:parse_blif$25740_LC.I0
Info:                Defined in:
Info:                  rtl/riscv.v:514
Info:  1.3  3.0  Source $abc$24398$auto$blifparse.cc:492:parse_blif$25740_LC.O
Info:  1.1  4.1    Net $abc$24398$techmap$techmap23302$auto$simplemap.cc:496:simplemap_adff$1876.$logic_not$/usr/bin/../share/yosys/ice40/cells_map.v:12$23273_Y budget 26.787001 ns (20,30) -> (19,31)
Info:                Sink $gbuf_$abc$24398$techmap$techmap23302$auto$simplemap.cc:496:simplemap_adff$1876.$logic_not$/usr/bin/../share/yosys/ice40/cells_map.v:12$23273_Y_$glb_sr.USER_SIGNAL_TO_GLOBAL_BUFFER
Info:                Defined in:
Info:                  rtl/riscv.v:685
Info:                  rtl/clockworks.v:103
Info:                  /usr/bin/../share/yosys/ice40/cells_map.v:12
Info:  1.6  5.7  Source $gbuf_$abc$24398$techmap$techmap23302$auto$simplemap.cc:496:simplemap_adff$1876.$logic_not$/usr/bin/../share/yosys/ice40/cells_map.v:12$23273_Y_$glb_sr.GLOBAL_BUFFER_OUTPUT
Info:  0.6  6.4    Net $abc$24398$techmap$techmap23302$auto$simplemap.cc:496:simplemap_adff$1876.$logic_not$/usr/bin/../share/yosys/ice40/cells_map.v:12$23273_Y_$glb_sr budget 26.785999 ns (19,31) -> (15,29)
Info:                Sink $auto$alumacc.cc:474:replace_alu$1375.slice[0].adder_LC.SR
Info:  0.1  6.5  Setup $auto$alumacc.cc:474:replace_alu$1375.slice[0].adder_LC.SR
Info: 3.0 ns logic, 3.5 ns routing

Info: Critical path report for cross-domain path '<async>' -> 'posedge tck$SB_IO_IN_$glb_clk':
Info: curr total
Info:  0.0  0.0  Source tms$sb_io.D_IN_0
Info:  5.5  5.5    Net tms$SB_IO_IN budget 26.674000 ns (16,0) -> (4,16)
Info:                Sink $abc$24398$auto$blifparse.cc:492:parse_blif$24482_LC.I3
Info:                Defined in:
Info:                  rtl/riscv.v:520
Info:  0.9  6.3  Source $abc$24398$auto$blifparse.cc:492:parse_blif$24482_LC.O
Info:  1.8  8.1    Net $abc$24398$new_n1561_ budget 26.047001 ns (4,16) -> (4,17)
Info:                Sink $abc$24398$auto$blifparse.cc:492:parse_blif$24479_LC.I2
Info:  1.2  9.3  Source $abc$24398$auto$blifparse.cc:492:parse_blif$24479_LC.O
Info:  4.2 13.5    Net $abc$24398$auto$dff2dffe.cc:175:make_patterns_logic$15570 budget 26.047001 ns (4,17) -> (12,28)
Info:                Sink $auto$simplemap.cc:496:simplemap_adff$2247_DFFLC.I0
Info:  1.2 14.8  Setup $auto$simplemap.cc:496:simplemap_adff$2247_DFFLC.I0
Info: 3.3 ns logic, 11.4 ns routing

Info: Critical path report for cross-domain path 'posedge CLK$SB_IO_IN_$glb_clk' -> '<async>':
Info: curr total
Info:  1.4  1.4  Source $abc$24398$auto$blifparse.cc:492:parse_blif$24928_LC.O
Info:  2.8  4.2    Net reset_led_counter[21] budget 15.342000 ns (20,30) -> (17,30)
Info:                Sink $abc$24398$auto$blifparse.cc:492:parse_blif$24474_LC.I1
Info:                Defined in:
Info:                  rtl/riscv.v:633
Info:  1.2  5.5  Source $abc$24398$auto$blifparse.cc:492:parse_blif$24474_LC.O
Info:  1.8  7.2    Net $abc$24398$auto$simplemap.cc:127:simplemap_reduce$1705[5]_new_inv_ budget 15.342000 ns (17,30) -> (17,29)
Info:                Sink $abc$24398$auto$blifparse.cc:492:parse_blif$24471_LC.I2
Info:  1.2  8.4  Source $abc$24398$auto$blifparse.cc:492:parse_blif$24471_LC.O
Info:  2.8 11.3    Net $abc$24398$new_n1550_ budget 15.341000 ns (17,29) -> (20,29)
Info:                Sink $abc$24398$auto$blifparse.cc:492:parse_blif$24470_LC.I0
Info:  1.3 12.6  Source $abc$24398$auto$blifparse.cc:492:parse_blif$24470_LC.O
Info:  3.5 16.1    Net LED6$SB_IO_OUT budget 19.521999 ns (20,29) -> (16,31)
Info:                Sink LED5$sb_io.D_OUT_0
Info:                Defined in:
Info:                  rtl/riscv.v:530
Info: 5.1 ns logic, 10.9 ns routing

Info: Critical path report for cross-domain path 'posedge CLK$SB_IO_IN_$glb_clk' -> 'posedge tck$SB_IO_IN_$glb_clk':
Info: curr total
Info:  1.4  1.4  Source $auto$simplemap.cc:420:simplemap_dff$2829_DFFLC.O
Info:  3.0  4.3    Net dmi_cdc_inst.resp_data_buf[13] budget 80.709000 ns (4,18) -> (1,19)
Info:                Sink $auto$simplemap.cc:496:simplemap_adff$2789_DFFLC.I0
Info:                Defined in:
Info:                  rtl/riscv.v:803
Info:                  rtl/dmi_cdc.v:49
Info:  1.2  5.6  Setup $auto$simplemap.cc:496:simplemap_adff$2789_DFFLC.I0
Info: 2.6 ns logic, 3.0 ns routing

Info: Critical path report for cross-domain path 'posedge tck$SB_IO_IN_$glb_clk' -> '<async>':
Info: curr total
Info:  1.4  1.4  Source $abc$24398$auto$blifparse.cc:492:parse_blif$24510_LC.O
Info:  5.7  7.1    Net tdo$SB_IO_OUT budget 81.943001 ns (7,14) -> (21,0)
Info:                Sink tdo$sb_io.D_OUT_0
Info:                Defined in:
Info:                  rtl/riscv.v:524
Info: 1.4 ns logic, 5.7 ns routing

Info: Critical path report for cross-domain path 'posedge tck$SB_IO_IN_$glb_clk' -> 'posedge CLK$SB_IO_IN_$glb_clk':
Info: curr total
Info:  1.4  1.4  Source $auto$simplemap.cc:420:simplemap_dff$2754_DFFLC.O
Info:  3.5  4.9    Net dmi_cdc_inst.req_data_buf[19] budget 80.709000 ns (9,22) -> (4,21)
Info:                Sink $auto$simplemap.cc:496:simplemap_adff$2867_DFFLC.I0
Info:                Defined in:
Info:                  rtl/riscv.v:803
Info:                  rtl/dmi_cdc.v:42
Info:  1.2  6.1  Setup $auto$simplemap.cc:496:simplemap_adff$2867_DFFLC.I0
Info: 2.6 ns logic, 3.5 ns routing

Info: Max frequency for clock 'CLK$SB_IO_IN_$glb_clk': 17.57 MHz (PASS at 12.00 MHz)
Info: Max frequency for clock 'tck$SB_IO_IN_$glb_clk': 48.60 MHz (PASS at 12.00 MHz)

Info: Max delay <async>                       -> posedge CLK$SB_IO_IN_$glb_clk: 6.47 ns
Info: Max delay <async>                       -> posedge tck$SB_IO_IN_$glb_clk: 14.75 ns
Info: Max delay posedge CLK$SB_IO_IN_$glb_clk -> <async>                      : 16.06 ns
Info: Max delay posedge CLK$SB_IO_IN_$glb_clk -> posedge tck$SB_IO_IN_$glb_clk: 5.58 ns
Info: Max delay posedge tck$SB_IO_IN_$glb_clk -> <async>                      : 7.11 ns
Info: Max delay posedge tck$SB_IO_IN_$glb_clk -> posedge CLK$SB_IO_IN_$glb_clk: 6.12 ns

Info: Slack histogram:
Info:  legend: * represents 15 endpoint(s)
Info:          + represents [1,15) endpoint(s)
Info: [ 26411,  29068) |*+
Info: [ 29068,  31725) |*+
Info: [ 31725,  34382) |***+
Info: [ 34382,  37039) |+
Info: [ 37039,  39696) |*+
Info: [ 39696,  42353) |+
Info: [ 42353,  45010) |+
Info: [ 45010,  47667) |*+
Info: [ 47667,  50324) |*****+
Info: [ 50324,  52981) |**********+
Info: [ 52981,  55638) |***+
Info: [ 55638,  58295) |*******+
Info: [ 58295,  60952) |*****+
Info: [ 60952,  63609) |*************+
Info: [ 63609,  66266) |***************************************+
Info: [ 66266,  68923) |***********+
Info: [ 68923,  71580) |**************+
Info: [ 71580,  74237) |*********+
Info: [ 74237,  76894) |****************************+
Info: [ 76894,  79551) |************************************************************ 

Info: Program finished normally.
